// Jest Snapshot v1, https://goo.gl/fbAQLP

exports[`App component should match the snapshot 1`] = `
<div>
  User is not logged in
</div>
`;
